// Jest Snapshot v1, https://goo.gl/fbAQLP

exports[`Table Set renders without crashing and matches snapshot 1`] = `
<TableSet>
  <Table
    key="blocked"
  >
    <table
      className=""
      role="grid"
    >
      <thead>
        <TableRow>
          <tr
            role="row"
          >
            <TableHeader
              key="model"
            >
              <th
                role="columnheader"
              >
                MODEL
              </th>
            </TableHeader>
            <TableHeader
              key="owner"
            >
              <th
                role="columnheader"
              >
                OWNER
              </th>
            </TableHeader>
            <TableHeader
              key="configuration"
            >
              <th
                role="columnheader"
              >
                CONFIGURATION
              </th>
            </TableHeader>
            <TableHeader
              key="cloud"
            >
              <th
                role="columnheader"
              >
                CLOUD
              </th>
            </TableHeader>
            <TableHeader
              key="region"
            >
              <th
                role="columnheader"
              >
                REGION
              </th>
            </TableHeader>
            <TableHeader
              key="credential"
            >
              <th
                role="columnheader"
              >
                CREDENTIAL
              </th>
            </TableHeader>
            <TableHeader
              key="controller"
            >
              <th
                role="columnheader"
              >
                CONTROLLER
              </th>
            </TableHeader>
            <TableHeader
              key="last_updated"
            >
              <th
                role="columnheader"
              >
                LAST_UPDATED
              </th>
            </TableHeader>
          </tr>
        </TableRow>
      </thead>
      <tbody>
        <TableRow
          key="1cdk_default"
        >
          <tr
            role="row"
          >
            <TableCell
              key="1cdk_default"
            >
              <td
                className=""
                role="gridcell"
              >
                1cdk_default
              </td>
            </TableCell>
            <TableCell
              key="IS-team"
            >
              <td
                className=""
                role="gridcell"
              >
                IS-team
              </td>
            </TableCell>
            <TableCell
              key="21"
            >
              <td
                className=""
                role="gridcell"
              >
                21
              </td>
            </TableCell>
            <TableCell
              key="AWS"
            >
              <td
                className=""
                role="gridcell"
              >
                AWS
              </td>
            </TableCell>
            <TableCell
              key="eu-west-1"
            >
              <td
                className=""
                role="gridcell"
              >
                eu-west-1
              </td>
            </TableCell>
            <TableCell
              key="clean-algebra-1"
            >
              <td
                className=""
                role="gridcell"
              >
                clean-algebra-1
              </td>
            </TableCell>
            <TableCell
              key="prodstack-is"
            >
              <td
                className=""
                role="gridcell"
              >
                prodstack-is
              </td>
            </TableCell>
            <TableCell
              key="2019.01.01"
            >
              <td
                className=""
                role="gridcell"
              >
                2019.01.01
              </td>
            </TableCell>
          </tr>
        </TableRow>
        <TableRow
          key="1my_openstack"
        >
          <tr
            role="row"
          >
            <TableCell
              key="1my_openstack"
            >
              <td
                className=""
                role="gridcell"
              >
                1my_openstack
              </td>
            </TableCell>
            <TableCell
              key="IS-team"
            >
              <td
                className=""
                role="gridcell"
              >
                IS-team
              </td>
            </TableCell>
            <TableCell
              key="19"
            >
              <td
                className=""
                role="gridcell"
              >
                19
              </td>
            </TableCell>
            <TableCell
              key="Google"
            >
              <td
                className=""
                role="gridcell"
              >
                Google
              </td>
            </TableCell>
            <TableCell
              key="eu-west-1"
            >
              <td
                className=""
                role="gridcell"
              >
                eu-west-1
              </td>
            </TableCell>
            <TableCell
              key="clean-algebra-1"
            >
              <td
                className=""
                role="gridcell"
              >
                clean-algebra-1
              </td>
            </TableCell>
            <TableCell
              key="prodstack-is"
            >
              <td
                className=""
                role="gridcell"
              >
                prodstack-is
              </td>
            </TableCell>
            <TableCell
              key="2019.01.01"
            >
              <td
                className=""
                role="gridcell"
              >
                2019.01.01
              </td>
            </TableCell>
          </tr>
        </TableRow>
        <TableRow
          key="1kubernetes_core"
        >
          <tr
            role="row"
          >
            <TableCell
              key="1kubernetes_core"
            >
              <td
                className=""
                role="gridcell"
              >
                1kubernetes_core
              </td>
            </TableCell>
            <TableCell
              key="Saad"
            >
              <td
                className=""
                role="gridcell"
              >
                Saad
              </td>
            </TableCell>
            <TableCell
              key="16"
            >
              <td
                className=""
                role="gridcell"
              >
                16
              </td>
            </TableCell>
            <TableCell
              key="AWS"
            >
              <td
                className=""
                role="gridcell"
              >
                AWS
              </td>
            </TableCell>
            <TableCell
              key="eu-west-1"
            >
              <td
                className=""
                role="gridcell"
              >
                eu-west-1
              </td>
            </TableCell>
            <TableCell
              key="clean-algebra-1"
            >
              <td
                className=""
                role="gridcell"
              >
                clean-algebra-1
              </td>
            </TableCell>
            <TableCell
              key="prodstack-is"
            >
              <td
                className=""
                role="gridcell"
              >
                prodstack-is
              </td>
            </TableCell>
            <TableCell
              key="2019.01.01"
            >
              <td
                className=""
                role="gridcell"
              >
                2019.01.01
              </td>
            </TableCell>
          </tr>
        </TableRow>
        <TableRow
          key="1hapood"
        >
          <tr
            role="row"
          >
            <TableCell
              key="1hapood"
            >
              <td
                className=""
                role="gridcell"
              >
                1hapood
              </td>
            </TableCell>
            <TableCell
              key="Asad"
            >
              <td
                className=""
                role="gridcell"
              >
                Asad
              </td>
            </TableCell>
            <TableCell
              key="25"
            >
              <td
                className=""
                role="gridcell"
              >
                25
              </td>
            </TableCell>
            <TableCell
              key="Google"
            >
              <td
                className=""
                role="gridcell"
              >
                Google
              </td>
            </TableCell>
            <TableCell
              key="eu-west-1"
            >
              <td
                className=""
                role="gridcell"
              >
                eu-west-1
              </td>
            </TableCell>
            <TableCell
              key="clean-algebra-1"
            >
              <td
                className=""
                role="gridcell"
              >
                clean-algebra-1
              </td>
            </TableCell>
            <TableCell
              key="prodstack-is"
            >
              <td
                className=""
                role="gridcell"
              >
                prodstack-is
              </td>
            </TableCell>
            <TableCell
              key="2019.01.01"
            >
              <td
                className=""
                role="gridcell"
              >
                2019.01.01
              </td>
            </TableCell>
          </tr>
        </TableRow>
      </tbody>
    </table>
  </Table>
  <Table
    key="deploying"
  >
    <table
      className=""
      role="grid"
    >
      <thead>
        <TableRow>
          <tr
            role="row"
          >
            <TableHeader
              key="model"
            >
              <th
                role="columnheader"
              >
                MODEL
              </th>
            </TableHeader>
            <TableHeader
              key="owner"
            >
              <th
                role="columnheader"
              >
                OWNER
              </th>
            </TableHeader>
            <TableHeader
              key="configuration"
            >
              <th
                role="columnheader"
              >
                CONFIGURATION
              </th>
            </TableHeader>
            <TableHeader
              key="cloud"
            >
              <th
                role="columnheader"
              >
                CLOUD
              </th>
            </TableHeader>
            <TableHeader
              key="region"
            >
              <th
                role="columnheader"
              >
                REGION
              </th>
            </TableHeader>
            <TableHeader
              key="credential"
            >
              <th
                role="columnheader"
              >
                CREDENTIAL
              </th>
            </TableHeader>
            <TableHeader
              key="controller"
            >
              <th
                role="columnheader"
              >
                CONTROLLER
              </th>
            </TableHeader>
            <TableHeader
              key="last_updated"
            >
              <th
                role="columnheader"
              >
                LAST_UPDATED
              </th>
            </TableHeader>
          </tr>
        </TableRow>
      </thead>
      <tbody>
        <TableRow
          key="2hapood"
        >
          <tr
            role="row"
          >
            <TableCell
              key="2hapood"
            >
              <td
                className=""
                role="gridcell"
              >
                2hapood
              </td>
            </TableCell>
            <TableCell
              key="Wasif"
            >
              <td
                className=""
                role="gridcell"
              >
                Wasif
              </td>
            </TableCell>
            <TableCell
              key="21"
            >
              <td
                className=""
                role="gridcell"
              >
                21
              </td>
            </TableCell>
            <TableCell
              key="AWS"
            >
              <td
                className=""
                role="gridcell"
              >
                AWS
              </td>
            </TableCell>
            <TableCell
              key="eu-west-1"
            >
              <td
                className=""
                role="gridcell"
              >
                eu-west-1
              </td>
            </TableCell>
            <TableCell
              key="clean-algebra-1"
            >
              <td
                className=""
                role="gridcell"
              >
                clean-algebra-1
              </td>
            </TableCell>
            <TableCell
              key="prodstack-is"
            >
              <td
                className=""
                role="gridcell"
              >
                prodstack-is
              </td>
            </TableCell>
            <TableCell
              key="2019.01.01"
            >
              <td
                className=""
                role="gridcell"
              >
                2019.01.01
              </td>
            </TableCell>
          </tr>
        </TableRow>
        <TableRow
          key="3hapood"
        >
          <tr
            role="row"
          >
            <TableCell
              key="3hapood"
            >
              <td
                className=""
                role="gridcell"
              >
                3hapood
              </td>
            </TableCell>
            <TableCell
              key="Ali"
            >
              <td
                className=""
                role="gridcell"
              >
                Ali
              </td>
            </TableCell>
            <TableCell
              key="19"
            >
              <td
                className=""
                role="gridcell"
              >
                19
              </td>
            </TableCell>
            <TableCell
              key="Google"
            >
              <td
                className=""
                role="gridcell"
              >
                Google
              </td>
            </TableCell>
            <TableCell
              key="eu-west-1"
            >
              <td
                className=""
                role="gridcell"
              >
                eu-west-1
              </td>
            </TableCell>
            <TableCell
              key="clean-algebra-1"
            >
              <td
                className=""
                role="gridcell"
              >
                clean-algebra-1
              </td>
            </TableCell>
            <TableCell
              key="prodstack-is"
            >
              <td
                className=""
                role="gridcell"
              >
                prodstack-is
              </td>
            </TableCell>
            <TableCell
              key="2019.01.01"
            >
              <td
                className=""
                role="gridcell"
              >
                2019.01.01
              </td>
            </TableCell>
          </tr>
        </TableRow>
        <TableRow
          key="4hapood"
        >
          <tr
            role="row"
          >
            <TableCell
              key="4hapood"
            >
              <td
                className=""
                role="gridcell"
              >
                4hapood
              </td>
            </TableCell>
            <TableCell
              key="Saad"
            >
              <td
                className=""
                role="gridcell"
              >
                Saad
              </td>
            </TableCell>
            <TableCell
              key="16"
            >
              <td
                className=""
                role="gridcell"
              >
                16
              </td>
            </TableCell>
            <TableCell
              key="AWS"
            >
              <td
                className=""
                role="gridcell"
              >
                AWS
              </td>
            </TableCell>
            <TableCell
              key="eu-west-1"
            >
              <td
                className=""
                role="gridcell"
              >
                eu-west-1
              </td>
            </TableCell>
            <TableCell
              key="clean-algebra-1"
            >
              <td
                className=""
                role="gridcell"
              >
                clean-algebra-1
              </td>
            </TableCell>
            <TableCell
              key="prodstack-is"
            >
              <td
                className=""
                role="gridcell"
              >
                prodstack-is
              </td>
            </TableCell>
            <TableCell
              key="2019.01.01"
            >
              <td
                className=""
                role="gridcell"
              >
                2019.01.01
              </td>
            </TableCell>
          </tr>
        </TableRow>
        <TableRow
          key="5hapood"
        >
          <tr
            role="row"
          >
            <TableCell
              key="5hapood"
            >
              <td
                className=""
                role="gridcell"
              >
                5hapood
              </td>
            </TableCell>
            <TableCell
              key="Asad"
            >
              <td
                className=""
                role="gridcell"
              >
                Asad
              </td>
            </TableCell>
            <TableCell
              key="25"
            >
              <td
                className=""
                role="gridcell"
              >
                25
              </td>
            </TableCell>
            <TableCell
              key="Google"
            >
              <td
                className=""
                role="gridcell"
              >
                Google
              </td>
            </TableCell>
            <TableCell
              key="eu-west-1"
            >
              <td
                className=""
                role="gridcell"
              >
                eu-west-1
              </td>
            </TableCell>
            <TableCell
              key="clean-algebra-1"
            >
              <td
                className=""
                role="gridcell"
              >
                clean-algebra-1
              </td>
            </TableCell>
            <TableCell
              key="prodstack-is"
            >
              <td
                className=""
                role="gridcell"
              >
                prodstack-is
              </td>
            </TableCell>
            <TableCell
              key="2019.01.01"
            >
              <td
                className=""
                role="gridcell"
              >
                2019.01.01
              </td>
            </TableCell>
          </tr>
        </TableRow>
      </tbody>
    </table>
  </Table>
</TableSet>
`;
