// Jest Snapshot v1, https://goo.gl/fbAQLP

exports[`Clouds page renders without crashing and matches snapshot 1`] = `
<Layout
  sidebar={true}
>
  <div
    className="p-strip"
  >
    <div
      className="row"
    >
      <h2>
        Clouds
      </h2>
    </div>
  </div>
</Layout>
`;
