// Jest Snapshot v1, https://goo.gl/fbAQLP

exports[`Button toggle renders without crashing and matches snapshot 1`] = `
<div
  className="p-button-toggle"
>
  <div
    className="p-button-toggle__inner"
  >
    <span
      className="p-button-toggle__label"
    >
      Group by:
    </span>
    <div
      className="p-button-toggle__buttons"
    >
      <button
        className="p-button-toggle__button is-selected"
      >
        Status
      </button>
      <button
        className="p-button-toggle__button"
      >
        Cloud
      </button>
      <button
        className="p-button-toggle__button"
      >
        Owner
      </button>
    </div>
  </div>
</div>
`;
