// Jest Snapshot v1, https://goo.gl/fbAQLP

exports[`Info Panel renders without crashing and matches snapshot 1`] = `
<div
  className="info-panel"
>
  <div
    className="info-panel__grid"
  >
    <div
      className="info-panel__grid-item"
      key="Model"
    >
      <h4
        className="p-muted-heading"
      >
        Model
      </h4>
      <p>
        cdk-default
      </p>
    </div>
    <div
      className="info-panel__grid-item"
      key="Region"
    >
      <h4
        className="p-muted-heading"
      >
        Region
      </h4>
      <p>
        us-east-1
      </p>
    </div>
    <div
      className="info-panel__grid-item"
      key="Controller"
    >
      <h4
        className="p-muted-heading"
      >
        Controller
      </h4>
      <p>
        aws-controller
      </p>
    </div>
    <div
      className="info-panel__grid-item"
      key="Cloud"
    >
      <h4
        className="p-muted-heading"
      >
        Cloud
      </h4>
      <p>
        aws
      </p>
    </div>
    <div
      className="info-panel__grid-item"
      key="SLA"
    >
      <h4
        className="p-muted-heading"
      >
        SLA
      </h4>
      <p>
        Unsupported
      </p>
    </div>
  </div>
</div>
`;
