// Jest Snapshot v1, https://goo.gl/fbAQLP

exports[`DescriptionSummary returns a details component if the description is longer than 30 characters 1`] = `
<DescriptionSummary
  description="The number of coding chunks, i.e. the number of additional chunks computed by the encoding functions. If there are 2 coding chunks, it means 2 OSDs can be out without losing data. "
>
  <details
    className="radio-input-box__details"
  >
    <summary
      className="radio-input-box__summary"
    >
      <span
        className="radio-input-box__summary-description"
      >
        The number of coding chunks, i.e. the number of additional chunks computed by the encoding functions. If there are 2 coding chunks, it means 2 OSDs can be out without losing data. 
      </span>
      Â 
    </summary>
    <span
      className="radio-input-box__details-description"
    >
      The number of coding chunks, i.e. the number of additional chunks computed by the encoding functions. If there are 2 coding chunks, it means 2 OSDs can be out without losing data. 
    </span>
  </details>
</DescriptionSummary>
`;
