// Jest Snapshot v1, https://goo.gl/fbAQLP

exports[`Layout renders without crashing and matches snapshot 1`] = `
<Fragment>
  <div
    className="l-side"
  >
    <PrimaryNav />
  </div>
  <div
    className="l-main"
  >
    <main
      id="main-content"
    />
  </div>
</Fragment>
`;
