// Jest Snapshot v1, https://goo.gl/fbAQLP

exports[`User Menu renders without crashing and matches snapshot 1`] = `
<div
  className="user-menu"
>
  <div
    className="user-menu__header"
    onClick={[Function]}
    onKeyPress={[Function]}
    role="button"
    tabIndex="0"
  >
    <i
      className="p-icon--user"
    />
    <span
      className="user-menu__name"
    >
      activedev
    </span>
    <i
      className="p-icon--contextual-menu"
    />
  </div>
  <ul
    className="p-list user-menu__options"
  >
    <li
      className="p-list__item"
    >
      <NavLink
        activeClassName="is-selected"
        className="user-menu__link p-list__link"
        isActive={[Function]}
        to="/settings"
      >
        <Link
          aria-current={null}
          className="user-menu__link p-list__link"
          to={
            Object {
              "hash": "",
              "pathname": "/settings",
              "search": "",
              "state": null,
            }
          }
        >
          <LinkAnchor
            aria-current={null}
            className="user-menu__link p-list__link"
            href="/settings"
            navigate={[Function]}
          >
            <a
              aria-current={null}
              className="user-menu__link p-list__link"
              href="/settings"
              onClick={[Function]}
            >
              Settings
            </a>
          </LinkAnchor>
        </Link>
      </NavLink>
    </li>
    <li
      className="p-list__item"
    >
      <Link
        className="user-menu__link"
        onClick={[Function]}
        to="/"
      >
        <LinkAnchor
          className="user-menu__link"
          href="/"
          navigate={[Function]}
          onClick={[Function]}
        >
          <a
            className="user-menu__link"
            href="/"
            onClick={[Function]}
          >
            Log out
          </a>
        </LinkAnchor>
      </Link>
    </li>
  </ul>
</div>
`;
