// Jest Snapshot v1, https://goo.gl/fbAQLP

exports[`Button renders without crashing and matches snapshot 1`] = `
<BrowserRouter>
  <ErrorBoundary>
    <Switch>
      <Route
        component={[Function]}
        exact={true}
        path="/"
      />
      <Route
        component={[Function]}
        exact={true}
        path="/models/:id"
      />
      <Route
        component={[Function]}
        exact={true}
        path="/clouds"
      />
      <Route
        component={[Function]}
        exact={true}
        path="/kubernetes"
      />
      <Route
        component={[Function]}
        exact={true}
        path="/controllers"
      />
      <Route
        component={[Function]}
        exact={true}
        path="/usage"
      />
      <Route
        component={[Function]}
        exact={true}
        path="/logs"
      />
      <Route
        component={[Function]}
      />
    </Switch>
  </ErrorBoundary>
</BrowserRouter>
`;
