// Jest Snapshot v1, https://goo.gl/fbAQLP

exports[`NotFound page renders without crashing and matches snapshot 1`] = `
<Layout>
  <div
    className="p-strip"
  >
    <div
      className="row"
    >
      <h2>
        ¯\\_(ツ)_/¯
      </h2>
    </div>
  </div>
</Layout>
`;
