// Jest Snapshot v1, https://goo.gl/fbAQLP

exports[`Models page renders without crashing and matches snapshot 1`] = `
<Layout
  sidebar={true}
>
  <div
    className="p-strip is-shallow"
  >
    <div
      className="row"
    >
      <TableList />
    </div>
  </div>
</Layout>
`;
