// Jest Snapshot v1, https://goo.gl/fbAQLP

exports[`ConfigPanel displays a message if the app has no config 1`] = `
<div
  className="config-panel__message"
>
  <img
    alt="3d box"
    className="config-panel--center-img"
    src="no-config-params.svg"
  />
  <h4>
    This application doesn't have any configuration parameters
  </h4>
</div>
`;
