// Jest Snapshot v1, https://goo.gl/fbAQLP

exports[`Usage page renders without crashing and matches snapshot 1`] = `
<Layout>
  <div
    className="row"
  >
    <Notification
      type="caution"
    >
      We're still working on this functionality - please check back soon!
    </Notification>
  </div>
</Layout>
`;
